\BOOKMARK [1][-]{section.1}{\376\377\000I\000n\000t\000r\000o\000d\000u\000c\000t\000i\000o\000n}{}% 1
\BOOKMARK [1][-]{section.4}{\376\377\000R\000e\000l\000a\000t\000e\000d\000\040\000W\000o\000r\000k}{}% 2
\BOOKMARK [2][-]{subsection.5}{\376\377\000C\000o\000d\000e\000\040\000G\000e\000n\000e\000r\000a\000t\000i\000o\000n\000\040\000a\000n\000d\000\040\000A\000u\000t\000o\000m\000a\000t\000e\000d\000\040\000P\000r\000o\000g\000r\000a\000m\000\040\000R\000e\000p\000a\000i\000r}{section.4}% 3
\BOOKMARK [2][-]{subsection.6}{\376\377\000T\000o\000o\000l\000-\000U\000s\000i\000n\000g\000\040\000S\000o\000f\000t\000w\000a\000r\000e\000\040\000E\000n\000g\000i\000n\000e\000e\000r\000i\000n\000g\000\040\000A\000g\000e\000n\000t\000s}{section.4}% 4
\BOOKMARK [2][-]{subsection.7}{\376\377\000M\000u\000l\000t\000i\000-\000A\000g\000e\000n\000t\000\040\000S\000o\000f\000t\000w\000a\000r\000e\000\040\000E\000n\000g\000i\000n\000e\000e\000r\000i\000n\000g}{section.4}% 5
\BOOKMARK [2][-]{subsection.8}{\376\377\000R\000e\000p\000o\000s\000i\000t\000o\000r\000y\000\040\000R\000e\000t\000r\000i\000e\000v\000a\000l\000\040\000a\000n\000d\000\040\000M\000e\000m\000o\000r\000y}{section.4}% 6
\BOOKMARK [1][-]{section.9}{\376\377\000A\000g\000e\000n\000t\000F\000o\000r\000g\000e}{}% 7
\BOOKMARK [2][-]{subsection.10}{\376\377\000P\000r\000o\000b\000l\000e\000m\000\040\000D\000e\000f\000i\000n\000i\000t\000i\000o\000n\000\040\000a\000n\000d\000\040\000I\000n\000f\000o\000r\000m\000a\000t\000i\000o\000n\000\040\000B\000o\000u\000n\000d\000a\000r\000y}{section.9}% 8
\BOOKMARK [2][-]{subsection.11}{\376\377\000R\000o\000l\000e\000s\000\040\000a\000n\000d\000\040\000S\000h\000a\000r\000e\000d\000\040\000S\000t\000a\000t\000e}{section.9}% 9
\BOOKMARK [2][-]{subsection.17}{\376\377\000P\000o\000s\000t\000-\000E\000d\000i\000t\000\040\000E\000x\000e\000c\000u\000t\000i\000o\000n\000\040\000I\000n\000v\000a\000r\000i\000a\000n\000t}{section.9}% 10
\BOOKMARK [2][-]{subsection.46}{\376\377\000E\000x\000e\000c\000u\000t\000i\000o\000n\000\040\000S\000i\000g\000n\000a\000l\000s\000\040\000a\000n\000d\000\040\000T\000e\000s\000t\000\040\000S\000e\000p\000a\000r\000a\000t\000i\000o\000n}{section.9}% 11
\BOOKMARK [2][-]{subsection.50}{\376\377\000R\000e\000p\000o\000s\000i\000t\000o\000r\000y\000\040\000R\000e\000t\000r\000i\000e\000v\000a\000l\000\040\000a\000n\000d\000\040\000E\000p\000i\000s\000o\000d\000i\000c\000\040\000M\000e\000m\000o\000r\000y}{section.9}% 12
\BOOKMARK [2][-]{subsection.51}{\376\377\000S\000a\000n\000d\000b\000o\000x\000\040\000a\000n\000d\000\040\000R\000e\000p\000o\000s\000i\000t\000o\000r\000y\000\040\000E\000n\000v\000i\000r\000o\000n\000m\000e\000n\000t}{section.9}% 13
\BOOKMARK [2][-]{subsection.52}{\376\377\000V\000e\000r\000i\000f\000y\000i\000n\000g\000\040\000t\000h\000e\000\040\000I\000n\000v\000a\000r\000i\000a\000n\000t\000s}{section.9}% 14
\BOOKMARK [1][-]{section.53}{\376\377\000E\000x\000p\000e\000r\000i\000m\000e\000n\000t\000a\000l\000\040\000D\000e\000s\000i\000g\000n}{}% 15
\BOOKMARK [2][-]{subsection.54}{\376\377\000B\000e\000n\000c\000h\000m\000a\000r\000k}{section.53}% 16
\BOOKMARK [2][-]{subsection.55}{\376\377\000L\000e\000a\000k\000a\000g\000e\000-\000F\000r\000e\000e\000\040\000E\000v\000a\000l\000u\000a\000t\000i\000o\000n\000\040\000P\000r\000o\000t\000o\000c\000o\000l}{section.53}% 17
\BOOKMARK [2][-]{subsection.56}{\376\377\000C\000o\000n\000t\000r\000o\000l\000l\000e\000d\000\040\000C\000o\000m\000p\000a\000r\000i\000s\000o\000n\000s}{section.53}% 18
\BOOKMARK [2][-]{subsection.59}{\376\377\000B\000u\000d\000g\000e\000t\000\040\000a\000n\000d\000\040\000I\000m\000p\000l\000e\000m\000e\000n\000t\000a\000t\000i\000o\000n\000\040\000C\000o\000n\000t\000r\000o\000l\000s}{section.53}% 19
\BOOKMARK [2][-]{subsection.60}{\376\377\000M\000e\000t\000r\000i\000c\000s\000\040\000a\000n\000d\000\040\000S\000t\000a\000t\000i\000s\000t\000i\000c\000a\000l\000\040\000A\000n\000a\000l\000y\000s\000i\000s}{section.53}% 20
\BOOKMARK [1][-]{section.61}{\376\377\000R\000e\000s\000u\000l\000t\000s}{}% 21
\BOOKMARK [2][-]{subsection.62}{\376\377\000M\000a\000i\000n\000\040\000R\000e\000s\000u\000l\000t\000s}{section.61}% 22
\BOOKMARK [2][-]{subsection.65}{\376\377\000P\000u\000b\000l\000i\000s\000h\000e\000d\000\040\000R\000e\000s\000u\000l\000t\000s\000\040\000i\000n\000\040\000C\000o\000n\000t\000e\000x\000t}{section.61}% 23
\BOOKMARK [2][-]{subsection.68}{\376\377\000E\000q\000u\000a\000l\000-\000B\000u\000d\000g\000e\000t\000\040\000a\000n\000d\000\040\000C\000o\000s\000t\000-\000E\000f\000f\000e\000c\000t\000i\000v\000e\000n\000e\000s\000s\000\040\000A\000n\000a\000l\000y\000s\000i\000s}{section.61}% 24
\BOOKMARK [2][-]{subsection.71}{\376\377\000A\000b\000l\000a\000t\000i\000o\000n\000\040\000S\000t\000u\000d\000y}{section.61}% 25
\BOOKMARK [2][-]{subsection.74}{\376\377\000F\000a\000i\000l\000u\000r\000e\000\040\000A\000n\000a\000l\000y\000s\000i\000s}{section.61}% 26
\BOOKMARK [1][-]{section.75}{\376\377\000T\000h\000r\000e\000a\000t\000s\000\040\000t\000o\000\040\000V\000a\000l\000i\000d\000i\000t\000y}{}% 27
\BOOKMARK [1][-]{section.81}{\376\377\000C\000o\000n\000c\000l\000u\000s\000i\000o\000n}{}% 28
\BOOKMARK [1][-]{section*.84}{\376\377\000A\000p\000p\000e\000n\000d\000i\000x\000\040\000A\000:\000\040\000A\000g\000e\000n\000t\000\040\000P\000r\000o\000m\000p\000t\000s}{}% 29
\BOOKMARK [2][-]{subsection.85}{\376\377\000P\000l\000a\000n\000n\000e\000r}{section*.84}% 30
\BOOKMARK [2][-]{subsection.86}{\376\377\000C\000o\000d\000e\000r}{section*.84}% 31
\BOOKMARK [2][-]{subsection.87}{\376\377\000T\000e\000s\000t\000e\000r}{section*.84}% 32
\BOOKMARK [2][-]{subsection.88}{\376\377\000D\000e\000b\000u\000g\000g\000e\000r}{section*.84}% 33
\BOOKMARK [2][-]{subsection.89}{\376\377\000C\000r\000i\000t\000i\000c}{section*.84}% 34
\BOOKMARK [2][-]{subsection.90}{\376\377\000S\000i\000n\000g\000l\000e\000-\000A\000g\000e\000n\000t\000\040\000C\000o\000n\000t\000r\000o\000l}{section*.84}% 35
\BOOKMARK [1][-]{section*.92}{\376\377\000A\000p\000p\000e\000n\000d\000i\000x\000\040\000B\000:\000\040\000R\000e\000p\000r\000o\000d\000u\000c\000i\000b\000i\000l\000i\000t\000y\000\040\000C\000h\000e\000c\000k\000l\000i\000s\000t}{}% 36
